// Jest Snapshot v1, https://goo.gl/fbAQLP

exports[`Tests for Accordion get a snapshot of component 1`] = `
{
  "component": Accordion {
    "$$": {
      "after_update": [],
      "before_update": [],
      "bound": {},
      "callbacks": {},
      "context": Map {},
      "ctx": [
        [
          {
            "text": "aaa",
            "title": "Heading 1",
          },
          {
            "text": "bbb",
            "title": "Heading 2",
          },
          {
            "text": "ccc",
            "title": "Heading 3",
          },
        ],
      ],
      "dirty": [
        -1,
      ],
      "fragment": {
        "c": [Function],
        "d": [Function],
        "i": [Function],
        "l": [Function],
        "m": [Function],
        "o": [Function],
        "p": [Function],
      },
      "not_equal": [Function],
      "on_destroy": [
        [Function],
      ],
      "on_disconnect": [],
      "on_mount": [],
      "props": {
        "data": 0,
      },
      "root": <div>
        <div
          class="cobalt-accordion svelte-1qnk47x"
        >
          <button
            aria-expanded="false"
            class="accordionItem svelte-yzpkvh"
          >
            <svg
              class="svelte-yzpkvh"
              fill="none"
              height="20"
              stroke="currentColor"
              stroke-linecap="round"
              stroke-linejoin="round"
              stroke-width="2"
              viewBox="0 0 24 24"
              width="20"
            >
              <path
                d="M9 5l7 7-7 7"
              />
            </svg>
             
            Heading 1
          </button>
           
          
          <button
            aria-expanded="false"
            class="accordionItem svelte-yzpkvh"
          >
            <svg
              class="svelte-yzpkvh"
              fill="none"
              height="20"
              stroke="currentColor"
              stroke-linecap="round"
              stroke-linejoin="round"
              stroke-width="2"
              viewBox="0 0 24 24"
              width="20"
            >
              <path
                d="M9 5l7 7-7 7"
              />
            </svg>
             
            Heading 2
          </button>
           
          
          <button
            aria-expanded="false"
            class="accordionItem svelte-yzpkvh"
          >
            <svg
              class="svelte-yzpkvh"
              fill="none"
              height="20"
              stroke="currentColor"
              stroke-linecap="round"
              stroke-linejoin="round"
              stroke-width="2"
              viewBox="0 0 24 24"
              width="20"
            >
              <path
                d="M9 5l7 7-7 7"
              />
            </svg>
             
            Heading 3
          </button>
           
          
        </div>
      </div>,
      "skip_bound": false,
      "update": [Function],
    },
    "$$set": [Function],
    "$capture_state": [Function],
    "$inject_state": [Function],
  },
  "container": <body>
    <div>
      <div
        class="cobalt-accordion svelte-1qnk47x"
      >
        <button
          aria-expanded="false"
          class="accordionItem svelte-yzpkvh"
        >
          <svg
            class="svelte-yzpkvh"
            fill="none"
            height="20"
            stroke="currentColor"
            stroke-linecap="round"
            stroke-linejoin="round"
            stroke-width="2"
            viewBox="0 0 24 24"
            width="20"
          >
            <path
              d="M9 5l7 7-7 7"
            />
          </svg>
           
          Heading 1
        </button>
         
        
        <button
          aria-expanded="false"
          class="accordionItem svelte-yzpkvh"
        >
          <svg
            class="svelte-yzpkvh"
            fill="none"
            height="20"
            stroke="currentColor"
            stroke-linecap="round"
            stroke-linejoin="round"
            stroke-width="2"
            viewBox="0 0 24 24"
            width="20"
          >
            <path
              d="M9 5l7 7-7 7"
            />
          </svg>
           
          Heading 2
        </button>
         
        
        <button
          aria-expanded="false"
          class="accordionItem svelte-yzpkvh"
        >
          <svg
            class="svelte-yzpkvh"
            fill="none"
            height="20"
            stroke="currentColor"
            stroke-linecap="round"
            stroke-linejoin="round"
            stroke-width="2"
            viewBox="0 0 24 24"
            width="20"
          >
            <path
              d="M9 5l7 7-7 7"
            />
          </svg>
           
          Heading 3
        </button>
         
        
      </div>
    </div>
  </body>,
  "debug": [Function],
  "findAllByAltText": [Function],
  "findAllByDisplayValue": [Function],
  "findAllByLabelText": [Function],
  "findAllByPlaceholderText": [Function],
  "findAllByRole": [Function],
  "findAllByTestId": [Function],
  "findAllByText": [Function],
  "findAllByTitle": [Function],
  "findByAltText": [Function],
  "findByDisplayValue": [Function],
  "findByLabelText": [Function],
  "findByPlaceholderText": [Function],
  "findByRole": [Function],
  "findByTestId": [Function],
  "findByText": [Function],
  "findByTitle": [Function],
  "getAllByAltText": [Function],
  "getAllByDisplayValue": [Function],
  "getAllByLabelText": [Function],
  "getAllByPlaceholderText": [Function],
  "getAllByRole": [Function],
  "getAllByTestId": [Function],
  "getAllByText": [Function],
  "getAllByTitle": [Function],
  "getByAltText": [Function],
  "getByDisplayValue": [Function],
  "getByLabelText": [Function],
  "getByPlaceholderText": [Function],
  "getByRole": [Function],
  "getByTestId": [Function],
  "getByText": [Function],
  "getByTitle": [Function],
  "queryAllByAltText": [Function],
  "queryAllByDisplayValue": [Function],
  "queryAllByLabelText": [Function],
  "queryAllByPlaceholderText": [Function],
  "queryAllByRole": [Function],
  "queryAllByTestId": [Function],
  "queryAllByText": [Function],
  "queryAllByTitle": [Function],
  "queryByAltText": [Function],
  "queryByDisplayValue": [Function],
  "queryByLabelText": [Function],
  "queryByPlaceholderText": [Function],
  "queryByRole": [Function],
  "queryByTestId": [Function],
  "queryByText": [Function],
  "queryByTitle": [Function],
  "rerender": [Function],
  "unmount": [Function],
}
`;
