// Jest Snapshot v1, https://goo.gl/fbAQLP

exports[`Tests for Breadcrumbs get a snapshot of component 1`] = `
{
  "component": Breadcrumbs {
    "$$": {
      "after_update": [],
      "before_update": [],
      "bound": {},
      "callbacks": {},
      "context": Map {},
      "ctx": [
        [
          {
            "href": "/",
            "text": "Dashboard",
          },
          {
            "href": "/reports",
            "text": "Annual reports",
          },
          {
            "href": "/reports/2019",
            "text": "2019",
          },
        ],
        "/",
        false,
      ],
      "dirty": [
        -1,
      ],
      "fragment": {
        "c": [Function],
        "d": [Function],
        "i": [Function],
        "l": [Function],
        "m": [Function],
        "o": [Function],
        "p": [Function],
      },
      "not_equal": [Function],
      "on_destroy": [
        [Function],
      ],
      "on_disconnect": [],
      "on_mount": [],
      "props": {
        "breadcrumbItems": 0,
        "divider": 1,
        "image": 2,
      },
      "root": <div>
        <div
          class="cobalt svelte-1ehil4r"
        >
          <ul
            class="breadcrumb svelte-1ehil4r"
          >
            <li
              class="svelte-1ehil4r"
            >
               
              <a
                class="svelte-1ehil4r"
                data-testid="breadcrumbLink"
                href="/"
              >
                Dashboard
              </a>
               
            </li>
            <li
              class="svelte-1ehil4r"
            >
              <span
                class="svelte-1ehil4r"
              >
                /
              </span>
               
              
               
              <a
                class="svelte-1ehil4r"
                data-testid="breadcrumbLink"
                href="/reports"
              >
                Annual reports
              </a>
               
            </li>
            <li
              class="svelte-1ehil4r"
            >
              <span
                class="svelte-1ehil4r"
              >
                /
              </span>
               
              
               
              2019
               
            </li>
          </ul>
        </div>
      </div>,
      "skip_bound": false,
      "update": [Function],
    },
    "$$set": [Function],
    "$capture_state": [Function],
    "$inject_state": [Function],
  },
  "container": <body>
    <div>
      <div
        class="cobalt svelte-1ehil4r"
      >
        <ul
          class="breadcrumb svelte-1ehil4r"
        >
          <li
            class="svelte-1ehil4r"
          >
             
            <a
              class="svelte-1ehil4r"
              data-testid="breadcrumbLink"
              href="/"
            >
              Dashboard
            </a>
             
          </li>
          <li
            class="svelte-1ehil4r"
          >
            <span
              class="svelte-1ehil4r"
            >
              /
            </span>
             
            
             
            <a
              class="svelte-1ehil4r"
              data-testid="breadcrumbLink"
              href="/reports"
            >
              Annual reports
            </a>
             
          </li>
          <li
            class="svelte-1ehil4r"
          >
            <span
              class="svelte-1ehil4r"
            >
              /
            </span>
             
            
             
            2019
             
          </li>
        </ul>
      </div>
    </div>
  </body>,
  "debug": [Function],
  "findAllByAltText": [Function],
  "findAllByDisplayValue": [Function],
  "findAllByLabelText": [Function],
  "findAllByPlaceholderText": [Function],
  "findAllByRole": [Function],
  "findAllByTestId": [Function],
  "findAllByText": [Function],
  "findAllByTitle": [Function],
  "findByAltText": [Function],
  "findByDisplayValue": [Function],
  "findByLabelText": [Function],
  "findByPlaceholderText": [Function],
  "findByRole": [Function],
  "findByTestId": [Function],
  "findByText": [Function],
  "findByTitle": [Function],
  "getAllByAltText": [Function],
  "getAllByDisplayValue": [Function],
  "getAllByLabelText": [Function],
  "getAllByPlaceholderText": [Function],
  "getAllByRole": [Function],
  "getAllByTestId": [Function],
  "getAllByText": [Function],
  "getAllByTitle": [Function],
  "getByAltText": [Function],
  "getByDisplayValue": [Function],
  "getByLabelText": [Function],
  "getByPlaceholderText": [Function],
  "getByRole": [Function],
  "getByTestId": [Function],
  "getByText": [Function],
  "getByTitle": [Function],
  "queryAllByAltText": [Function],
  "queryAllByDisplayValue": [Function],
  "queryAllByLabelText": [Function],
  "queryAllByPlaceholderText": [Function],
  "queryAllByRole": [Function],
  "queryAllByTestId": [Function],
  "queryAllByText": [Function],
  "queryAllByTitle": [Function],
  "queryByAltText": [Function],
  "queryByDisplayValue": [Function],
  "queryByLabelText": [Function],
  "queryByPlaceholderText": [Function],
  "queryByRole": [Function],
  "queryByTestId": [Function],
  "queryByText": [Function],
  "queryByTitle": [Function],
  "rerender": [Function],
  "unmount": [Function],
}
`;
