// Jest Snapshot v1, https://goo.gl/fbAQLP

exports[`Tests for Dialog get a snapshot of component 1`] = `
{
  "component": Dialog {
    "$$": {
      "after_update": [],
      "before_update": [],
      "bound": {},
      "callbacks": {},
      "context": Map {},
      "ctx": [
        true,
        "true",
        [Function],
        [Function],
      ],
      "dirty": [
        -1,
      ],
      "fragment": {
        "c": [Function],
        "d": [Function],
        "i": [Function],
        "l": [Function],
        "m": [Function],
        "o": [Function],
        "p": [Function],
      },
      "not_equal": [Function],
      "on_destroy": [
        [Function],
      ],
      "on_disconnect": [],
      "on_mount": [],
      "props": {
        "show": 1,
      },
      "root": <div>
        <button
          data-testid="buttonDialog"
        >
          Show dialog
        </button>
         
        <div
          class="cobalt svelte-18e6gsj"
        >
          <div
            class="svelte-18e6gsj"
            id="background"
          />
           
          <div
            class="svelte-18e6gsj"
            id="modal"
            role="dialog"
          >
            <div
              class="header svelte-18e6gsj"
            >
              <h3>
                Modal title
              </h3>
               
              <button
                class="close svelte-18e6gsj"
                type="button"
              >
                <button
                  aria-label="Close"
                  class="close-button svelte-myhoof"
                >
                  <svg
                    aria-hidden="true"
                    class="close"
                    viewBox="0 0 24 24"
                  >
                    <path
                      d="M.439 21.44a1.5 1.5 0 0 0 2.122 2.121l9.262-9.261a.25.25 0 0 1 .354 0l9.262 9.263a1.5 1.5 0 1 0 2.122-2.121L14.3 12.177a.25.25 0 0 1 0-.354l9.263-9.262A1.5 1.5 0 0 0 21.439.44L12.177 9.7a.25.25 0 0 1-.354 0L2.561.44A1.5 1.5 0 0 0 .439 2.561L9.7 11.823a.25.25 0 0 1 0 .354Z"
                      fill="currentColor"
                    />
                  </svg>
                </button>
                
              </button>
            </div>
             
            <p>
              Click on the X to close me
            </p>
          </div>
        </div>
        
      </div>,
      "skip_bound": false,
      "update": [Function],
    },
    "$$set": [Function],
    "$capture_state": [Function],
    "$inject_state": [Function],
  },
  "container": <body>
    <div>
      <button
        data-testid="buttonDialog"
      >
        Show dialog
      </button>
       
      <div
        class="cobalt svelte-18e6gsj"
      >
        <div
          class="svelte-18e6gsj"
          id="background"
        />
         
        <div
          class="svelte-18e6gsj"
          id="modal"
          role="dialog"
        >
          <div
            class="header svelte-18e6gsj"
          >
            <h3>
              Modal title
            </h3>
             
            <button
              class="close svelte-18e6gsj"
              type="button"
            >
              <button
                aria-label="Close"
                class="close-button svelte-myhoof"
              >
                <svg
                  aria-hidden="true"
                  class="close"
                  viewBox="0 0 24 24"
                >
                  <path
                    d="M.439 21.44a1.5 1.5 0 0 0 2.122 2.121l9.262-9.261a.25.25 0 0 1 .354 0l9.262 9.263a1.5 1.5 0 1 0 2.122-2.121L14.3 12.177a.25.25 0 0 1 0-.354l9.263-9.262A1.5 1.5 0 0 0 21.439.44L12.177 9.7a.25.25 0 0 1-.354 0L2.561.44A1.5 1.5 0 0 0 .439 2.561L9.7 11.823a.25.25 0 0 1 0 .354Z"
                    fill="currentColor"
                  />
                </svg>
              </button>
              
            </button>
          </div>
           
          <p>
            Click on the X to close me
          </p>
        </div>
      </div>
      
    </div>
  </body>,
  "debug": [Function],
  "findAllByAltText": [Function],
  "findAllByDisplayValue": [Function],
  "findAllByLabelText": [Function],
  "findAllByPlaceholderText": [Function],
  "findAllByRole": [Function],
  "findAllByTestId": [Function],
  "findAllByText": [Function],
  "findAllByTitle": [Function],
  "findByAltText": [Function],
  "findByDisplayValue": [Function],
  "findByLabelText": [Function],
  "findByPlaceholderText": [Function],
  "findByRole": [Function],
  "findByTestId": [Function],
  "findByText": [Function],
  "findByTitle": [Function],
  "getAllByAltText": [Function],
  "getAllByDisplayValue": [Function],
  "getAllByLabelText": [Function],
  "getAllByPlaceholderText": [Function],
  "getAllByRole": [Function],
  "getAllByTestId": [Function],
  "getAllByText": [Function],
  "getAllByTitle": [Function],
  "getByAltText": [Function],
  "getByDisplayValue": [Function],
  "getByLabelText": [Function],
  "getByPlaceholderText": [Function],
  "getByRole": [Function],
  "getByTestId": [Function],
  "getByText": [Function],
  "getByTitle": [Function],
  "queryAllByAltText": [Function],
  "queryAllByDisplayValue": [Function],
  "queryAllByLabelText": [Function],
  "queryAllByPlaceholderText": [Function],
  "queryAllByRole": [Function],
  "queryAllByTestId": [Function],
  "queryAllByText": [Function],
  "queryAllByTitle": [Function],
  "queryByAltText": [Function],
  "queryByDisplayValue": [Function],
  "queryByLabelText": [Function],
  "queryByPlaceholderText": [Function],
  "queryByRole": [Function],
  "queryByTestId": [Function],
  "queryByText": [Function],
  "queryByTitle": [Function],
  "rerender": [Function],
  "unmount": [Function],
}
`;
