// Jest Snapshot v1, https://goo.gl/fbAQLP

exports[`Tests for Slider get a snapshot of component 1`] = `
{
  "component": Slider {
    "$$": {
      "after_update": [],
      "before_update": [],
      "bound": {},
      "callbacks": {},
      "context": Map {},
      "ctx": [
        50,
        "Slider",
        0,
        100,
        1,
        false,
        [Function],
      ],
      "dirty": [
        -1,
      ],
      "fragment": {
        "c": [Function],
        "d": [Function],
        "i": [Function],
        "l": [Function],
        "m": [Function],
        "o": [Function],
        "p": [Function],
      },
      "not_equal": [Function],
      "on_destroy": [
        [Function],
      ],
      "on_disconnect": [],
      "on_mount": [],
      "props": {
        "disabled": 5,
        "id": 1,
        "max": 3,
        "min": 2,
        "step": 4,
        "val": 0,
      },
      "root": <div>
        <div
          class="cobalt svelte-1xbevk5"
        >
          <input
            class="svelte-1xbevk5"
            id="Slider"
            max="100"
            min="0"
            name="Slider"
            step="1"
            type="range"
          />
           
          <label
            for="Slider"
          >
            50
          </label>
        </div>
      </div>,
      "skip_bound": false,
      "update": [Function],
    },
    "$$set": [Function],
    "$capture_state": [Function],
    "$inject_state": [Function],
  },
  "container": <body>
    <div>
      <div
        class="cobalt svelte-1xbevk5"
      >
        <input
          class="svelte-1xbevk5"
          id="Slider"
          max="100"
          min="0"
          name="Slider"
          step="1"
          type="range"
        />
         
        <label
          for="Slider"
        >
          50
        </label>
      </div>
    </div>
  </body>,
  "debug": [Function],
  "findAllByAltText": [Function],
  "findAllByDisplayValue": [Function],
  "findAllByLabelText": [Function],
  "findAllByPlaceholderText": [Function],
  "findAllByRole": [Function],
  "findAllByTestId": [Function],
  "findAllByText": [Function],
  "findAllByTitle": [Function],
  "findByAltText": [Function],
  "findByDisplayValue": [Function],
  "findByLabelText": [Function],
  "findByPlaceholderText": [Function],
  "findByRole": [Function],
  "findByTestId": [Function],
  "findByText": [Function],
  "findByTitle": [Function],
  "getAllByAltText": [Function],
  "getAllByDisplayValue": [Function],
  "getAllByLabelText": [Function],
  "getAllByPlaceholderText": [Function],
  "getAllByRole": [Function],
  "getAllByTestId": [Function],
  "getAllByText": [Function],
  "getAllByTitle": [Function],
  "getByAltText": [Function],
  "getByDisplayValue": [Function],
  "getByLabelText": [Function],
  "getByPlaceholderText": [Function],
  "getByRole": [Function],
  "getByTestId": [Function],
  "getByText": [Function],
  "getByTitle": [Function],
  "queryAllByAltText": [Function],
  "queryAllByDisplayValue": [Function],
  "queryAllByLabelText": [Function],
  "queryAllByPlaceholderText": [Function],
  "queryAllByRole": [Function],
  "queryAllByTestId": [Function],
  "queryAllByText": [Function],
  "queryAllByTitle": [Function],
  "queryByAltText": [Function],
  "queryByDisplayValue": [Function],
  "queryByLabelText": [Function],
  "queryByPlaceholderText": [Function],
  "queryByRole": [Function],
  "queryByTestId": [Function],
  "queryByText": [Function],
  "queryByTitle": [Function],
  "rerender": [Function],
  "unmount": [Function],
}
`;
