// Jest Snapshot v1, https://goo.gl/fbAQLP

exports[`Tests for Tabs get a snapshot of component 1`] = `
{
  "component": Tabs {
    "$$": {
      "after_update": [],
      "before_update": [],
      "bound": {},
      "callbacks": {},
      "context": Map {},
      "ctx": [
        "0",
        [
          {
            "id": 1,
            "name": "Tab 1",
            "text": "This is a test",
          },
          {
            "id": 2,
            "name": "Tab 2",
            "text": "Here is tab 2",
          },
          {
            "id": 3,
            "name": "Tab 3",
            "text": "And this is tab 3",
          },
        ],
        false,
        [Function],
      ],
      "dirty": [
        -1,
      ],
      "fragment": {
        "c": [Function],
        "d": [Function],
        "i": [Function],
        "l": [Function],
        "m": [Function],
        "o": [Function],
        "p": [Function],
      },
      "not_equal": [Function],
      "on_destroy": [
        [Function],
      ],
      "on_disconnect": [],
      "on_mount": [],
      "props": {
        "activeTabValue": 0,
        "items": 1,
        "vertical": 2,
      },
      "root": <div>
        <div
          class="cobalt svelte-11nojaq"
        >
          <ul
            class="svelte-11nojaq"
          >
            <li
              class="active svelte-11nojaq"
              data-testid="tabHeader"
            >
              <span
                class="svelte-11nojaq"
              >
                Tab 1
              </span>
               
            </li>
            <li
              class=" svelte-11nojaq"
              data-testid="tabHeader"
            >
              <span
                class="svelte-11nojaq"
              >
                Tab 2
              </span>
               
            </li>
            <li
              class=" svelte-11nojaq"
              data-testid="tabHeader"
            >
              <span
                class="svelte-11nojaq"
              >
                Tab 3
              </span>
               
            </li>
          </ul>
           
          <div
            class="content svelte-11nojaq"
            data-testid="tabContent"
          >
            This is a test
            
            
            
          </div>
        </div>
      </div>,
      "skip_bound": false,
      "update": [Function],
    },
    "$$set": [Function],
    "$capture_state": [Function],
    "$inject_state": [Function],
  },
  "container": <body>
    <div>
      <div
        class="cobalt svelte-11nojaq"
      >
        <ul
          class="svelte-11nojaq"
        >
          <li
            class="active svelte-11nojaq"
            data-testid="tabHeader"
          >
            <span
              class="svelte-11nojaq"
            >
              Tab 1
            </span>
             
          </li>
          <li
            class=" svelte-11nojaq"
            data-testid="tabHeader"
          >
            <span
              class="svelte-11nojaq"
            >
              Tab 2
            </span>
             
          </li>
          <li
            class=" svelte-11nojaq"
            data-testid="tabHeader"
          >
            <span
              class="svelte-11nojaq"
            >
              Tab 3
            </span>
             
          </li>
        </ul>
         
        <div
          class="content svelte-11nojaq"
          data-testid="tabContent"
        >
          This is a test
          
          
          
        </div>
      </div>
    </div>
  </body>,
  "debug": [Function],
  "findAllByAltText": [Function],
  "findAllByDisplayValue": [Function],
  "findAllByLabelText": [Function],
  "findAllByPlaceholderText": [Function],
  "findAllByRole": [Function],
  "findAllByTestId": [Function],
  "findAllByText": [Function],
  "findAllByTitle": [Function],
  "findByAltText": [Function],
  "findByDisplayValue": [Function],
  "findByLabelText": [Function],
  "findByPlaceholderText": [Function],
  "findByRole": [Function],
  "findByTestId": [Function],
  "findByText": [Function],
  "findByTitle": [Function],
  "getAllByAltText": [Function],
  "getAllByDisplayValue": [Function],
  "getAllByLabelText": [Function],
  "getAllByPlaceholderText": [Function],
  "getAllByRole": [Function],
  "getAllByTestId": [Function],
  "getAllByText": [Function],
  "getAllByTitle": [Function],
  "getByAltText": [Function],
  "getByDisplayValue": [Function],
  "getByLabelText": [Function],
  "getByPlaceholderText": [Function],
  "getByRole": [Function],
  "getByTestId": [Function],
  "getByText": [Function],
  "getByTitle": [Function],
  "queryAllByAltText": [Function],
  "queryAllByDisplayValue": [Function],
  "queryAllByLabelText": [Function],
  "queryAllByPlaceholderText": [Function],
  "queryAllByRole": [Function],
  "queryAllByTestId": [Function],
  "queryAllByText": [Function],
  "queryAllByTitle": [Function],
  "queryByAltText": [Function],
  "queryByDisplayValue": [Function],
  "queryByLabelText": [Function],
  "queryByPlaceholderText": [Function],
  "queryByRole": [Function],
  "queryByTestId": [Function],
  "queryByText": [Function],
  "queryByTitle": [Function],
  "rerender": [Function],
  "unmount": [Function],
}
`;
