// Jest Snapshot v1, https://goo.gl/fbAQLP

exports[`Tests for Tooltip get a snapshot of component 1`] = `
{
  "component": Tooltip {
    "$$": {
      "after_update": [],
      "before_update": [],
      "bound": {},
      "callbacks": {},
      "context": Map {},
      "ctx": [
        "tooltip",
        "more info",
        "<p>This is an informational tooltip - to learn more <a href="/tutorial">click here</a></p>",
        false,
        false,
        [Function],
        [Function],
        [Function],
        [Function],
        "400",
        "false",
        [Function],
      ],
      "dirty": [
        -1,
      ],
      "fragment": {
        "c": [Function],
        "d": [Function],
        "i": [Function],
        "l": [Function],
        "m": [Function],
        "o": [Function],
        "p": [Function],
      },
      "not_equal": [Function],
      "on_destroy": [
        [Function],
      ],
      "on_disconnect": [],
      "on_mount": [],
      "props": {
        "id": 0,
        "label": 1,
        "showHTML": 10,
        "timeout": 9,
        "tip": 2,
      },
      "root": <div>
        <div
          class="tooltip svelte-1v36vsu"
        >
          <button
            aria-describedby="tooltip"
            class="trigger svelte-1v36vsu"
            type="button"
          >
            ?
          </button>
           
          <div
            aria-hidden="true"
            aria-label="more info"
            class="svelte-1v36vsu"
            id="tooltip"
            role="tooltip"
          />
        </div>
      </div>,
      "skip_bound": false,
      "update": [Function],
    },
    "$$set": [Function],
    "$capture_state": [Function],
    "$inject_state": [Function],
  },
  "container": <body>
    <div>
      <div
        class="tooltip svelte-1v36vsu"
      >
        <button
          aria-describedby="tooltip"
          class="trigger svelte-1v36vsu"
          type="button"
        >
          ?
        </button>
         
        <div
          aria-hidden="true"
          aria-label="more info"
          class="svelte-1v36vsu"
          id="tooltip"
          role="tooltip"
        />
      </div>
    </div>
  </body>,
  "debug": [Function],
  "findAllByAltText": [Function],
  "findAllByDisplayValue": [Function],
  "findAllByLabelText": [Function],
  "findAllByPlaceholderText": [Function],
  "findAllByRole": [Function],
  "findAllByTestId": [Function],
  "findAllByText": [Function],
  "findAllByTitle": [Function],
  "findByAltText": [Function],
  "findByDisplayValue": [Function],
  "findByLabelText": [Function],
  "findByPlaceholderText": [Function],
  "findByRole": [Function],
  "findByTestId": [Function],
  "findByText": [Function],
  "findByTitle": [Function],
  "getAllByAltText": [Function],
  "getAllByDisplayValue": [Function],
  "getAllByLabelText": [Function],
  "getAllByPlaceholderText": [Function],
  "getAllByRole": [Function],
  "getAllByTestId": [Function],
  "getAllByText": [Function],
  "getAllByTitle": [Function],
  "getByAltText": [Function],
  "getByDisplayValue": [Function],
  "getByLabelText": [Function],
  "getByPlaceholderText": [Function],
  "getByRole": [Function],
  "getByTestId": [Function],
  "getByText": [Function],
  "getByTitle": [Function],
  "queryAllByAltText": [Function],
  "queryAllByDisplayValue": [Function],
  "queryAllByLabelText": [Function],
  "queryAllByPlaceholderText": [Function],
  "queryAllByRole": [Function],
  "queryAllByTestId": [Function],
  "queryAllByText": [Function],
  "queryAllByTitle": [Function],
  "queryByAltText": [Function],
  "queryByDisplayValue": [Function],
  "queryByLabelText": [Function],
  "queryByPlaceholderText": [Function],
  "queryByRole": [Function],
  "queryByTestId": [Function],
  "queryByText": [Function],
  "queryByTitle": [Function],
  "rerender": [Function],
  "unmount": [Function],
}
`;
